CREATE SCHEMA
CREATE TABLE
CREATE FUNCTION
CREATE TABLE
CREATE TABLE
CREATE TABLE
CREATE FUNCTION
CREATE TABLE
CREATE TABLE
CREATE TABLE
CREATE TABLE
CREATE INDEX
CREATE INDEX
COMMENT
ALTER TABLE
CREATE POLICY
REVOKE
GRANT
CREATE TABLE
CREATE INDEX
COMMENT
ALTER TABLE
REVOKE
GRANT
CREATE POLICY
CREATE FUNCTION
COMMENT
REVOKE
GRANT
ALTER TABLE
DO
psql:/private/tmp/seek-shop-security-fixes-20261007/fixture.sql:151: NOTICE:  constraint "solana_orders_amount_non_negative" of relation "solana_orders" does not exist, skipping
ALTER TABLE
ALTER TABLE
ALTER TABLE
psql:/private/tmp/seek-shop-security-fixes-20261007/fixture.sql:158: NOTICE:  constraint "solana_orders_coin_cents_non_negative" of relation "solana_orders" does not exist, skipping
ALTER TABLE
ALTER TABLE
COMMENT
COMMENT
COMMENT
CREATE FUNCTION
REVOKE
CREATE FUNCTION
CREATE FUNCTION
REVOKE
GRANT
DO
INSERT 0 2
CREATE FUNCTION
CREATE FUNCTION
REVOKE
GRANT
ALTER TABLE
ALTER TABLE
ALTER TABLE
COMMENT
COMMENT
CREATE FUNCTION
REVOKE
GRANT
CREATE FUNCTION
REVOKE
GRANT
ALTER TABLE
CREATE TABLE
CREATE FUNCTION
CREATE TABLE
CREATE FUNCTION
ALTER TABLE
CREATE INDEX
CREATE TABLE
CREATE INDEX
CREATE INDEX
CREATE INDEX
CREATE INDEX
ALTER TABLE
REVOKE
GRANT
GRANT
CREATE FUNCTION
CREATE TRIGGER
CREATE FUNCTION
REVOKE
GRANT
CREATE FUNCTION
CREATE TRIGGER
CREATE FUNCTION
CREATE TRIGGER
CREATE FUNCTION
CREATE TRIGGER
CREATE FUNCTION
REVOKE
CREATE FUNCTION
REVOKE
GRANT
INSERT 0 0
CREATE FUNCTION
CREATE FUNCTION
REVOKE
GRANT
CREATE FUNCTION
REVOKE
GRANT
BEGIN
CREATE FUNCTION
CREATE TABLE
ALTER TABLE
REVOKE
GRANT
GRANT
GRANT
CREATE POLICY
CREATE POLICY
CREATE POLICY
CREATE POLICY
CREATE FUNCTION
REVOKE
GRANT
CREATE FUNCTION
CREATE TRIGGER
CREATE FUNCTION
CREATE TRIGGER
INSERT 0 11
ALTER TABLE
UPDATE 0
CREATE FUNCTION
CREATE TRIGGER
REVOKE
COMMIT
BEGIN
DO
CREATE FUNCTION
CREATE FUNCTION
CREATE FUNCTION
CREATE TRIGGER
REVOKE
ALTER TABLE
UPDATE 8
COMMIT
BEGIN
CREATE FUNCTION
CREATE FUNCTION
CREATE FUNCTION
ALTER FUNCTION
REVOKE
CREATE FUNCTION
REVOKE
GRANT
COMMIT
BEGIN
CREATE FUNCTION
REVOKE
GRANT
CREATE FUNCTION
REVOKE
GRANT
CREATE INDEX
CREATE FUNCTION
REVOKE
GRANT
COMMIT
BEGIN
ALTER TABLE
CREATE TABLE
CREATE INDEX
ALTER TABLE
REVOKE
GRANT
CREATE TRIGGER
CREATE FUNCTION
CREATE TRIGGER
REVOKE
CREATE FUNCTION
CREATE FUNCTION
CREATE FUNCTION
CREATE FUNCTION
REVOKE
GRANT
COMMIT
BEGIN
ALTER TABLE
ALTER TABLE
ALTER TABLE
ALTER TABLE
CREATE FUNCTION
CREATE TRIGGER
REVOKE
CREATE TABLE
CREATE INDEX
ALTER TABLE
REVOKE
GRANT
CREATE TRIGGER
CREATE FUNCTION
CREATE FUNCTION
REVOKE
GRANT
CREATE FUNCTION
REVOKE
GRANT
COMMIT
BEGIN
CREATE INDEX
CREATE INDEX
CREATE INDEX
CREATE FUNCTION
CREATE FUNCTION
REVOKE
CREATE FUNCTION
CREATE FUNCTION
REVOKE
GRANT
CREATE FUNCTION
REVOKE
GRANT
CREATE FUNCTION
CREATE FUNCTION
REVOKE
CREATE FUNCTION
REVOKE
GRANT
CREATE FUNCTION
REVOKE
GRANT
COMMIT
BEGIN
ALTER TABLE
CREATE INDEX
CREATE TABLE
ALTER TABLE
REVOKE
CREATE FUNCTION
CREATE FUNCTION
CREATE TRIGGER
CREATE FUNCTION
CREATE FUNCTION
CREATE FUNCTION
CREATE FUNCTION
CREATE FUNCTION
CREATE FUNCTION
REVOKE
GRANT
COMMIT
BEGIN
ALTER TABLE
INSERT 0 4
INSERT 0 82
ALTER TABLE
psql:/private/tmp/seek-shop-security-fixes-20261007/backend/supabase/tests/shop-security-controls.sql:58: NOTICE:  PASS: paid priority, buyer fairness, shared leases, stale-release refusal, cooldown, ownership, late recovery, admission cap, budgets, permissions and health
DO
ROLLBACK
BEGIN
CREATE FUNCTION
CREATE TABLE
CREATE FUNCTION
GRANT
INSERT 0 2
INSERT 0 2
INSERT 0 1
INSERT 0 1
psql:/private/tmp/seek-shop-security-fixes-20261007/backend/supabase/tests/shop-support-dossiers.sql:62: NOTICE:  PASS: atomic evidence, exact gas and payment amounts, deduplication, client trust, ownership, lookup, pagination and support access audit
DO
SET
              set_config              
--------------------------------------
 81000000-0000-4000-8000-000000000001
(1 row)

psql:/private/tmp/seek-shop-security-fixes-20261007/backend/supabase/tests/shop-support-dossiers.sql:70: NOTICE:  PASS: customer cannot read dossiers or search audit
DO
RESET
UPDATE 1
SET
              set_config              
--------------------------------------
 81000000-0000-4000-8000-000000000002
(1 row)

psql:/private/tmp/seek-shop-security-fixes-20261007/backend/supabase/tests/shop-support-dossiers.sql:78: NOTICE:  PASS: inactive administrator is refused
DO
RESET
UPDATE 1
INSERT 0 1
 shop_record_solana_payment_audited  
-------------------------------------
 {"review": null, "delivered": true}
(1 row)

psql:/private/tmp/seek-shop-security-fixes-20261007/backend/supabase/tests/shop-support-dossiers.sql:90: NOTICE:  PASS: Solana transaction fees and immutable evidence
DO
INSERT 0 1
DELETE 1
psql:/private/tmp/seek-shop-security-fixes-20261007/backend/supabase/tests/shop-support-dossiers.sql:98: NOTICE:  PASS: removed order has a clearly labelled historic snapshot
DO
ROLLBACK
BEGIN
INSERT 0 2
INSERT 0 2
CREATE FUNCTION
CREATE FUNCTION
CREATE FUNCTION
CREATE TRIGGER
psql:/private/tmp/seek-shop-security-fixes-20261007/backend/supabase/tests/direct-solana-shop.sql:89: NOTICE:  PASS: partial, duplicate, replay, recipient, late, expiry, cancellation, overpayment, leases and permissions
DO
ROLLBACK
BEGIN
INSERT 0 2
INSERT 0 2
CREATE FUNCTION
CREATE FUNCTION
psql:/private/tmp/seek-shop-security-fixes-20261007/backend/supabase/tests/direct-evm-shop.sql:50: NOTICE:  PASS: ETH/BNB, exact wei, split, replay, chain isolation, event indexes, late finality, late payment, overpayment and permissions
DO
ROLLBACK
